[{"stream_name":"stdout","time":2.407253394,"data":"bench dir: /kaggle/input/notebooks/jefferyjung/vfa-benchmark/bench\n"}
,{"stream_name":"stdout","time":9.671785132,"data":"platform=kaggle scratch=/kaggle/tmp/scratch venv=/kaggle/tmp/venv39 out=/kaggle/working catvton=/kaggle/tmp/scratch/CatVTON\n"}
,{"stream_name":"stdout","time":9.671823741,"data":"45건 로드\n"}
,{"stream_name":"stdout","time":10.671762266,"data":"격자 이미지: /kaggle/working/report/quality_grid.png\n"}
,{"stream_name":"stderr","time":19.95288896,"data":"/kaggle/tmp/vfa/scripts/make_report.py:213: UserWarning: Glyph 54620 (\\N{HANGUL SYLLABLE HAN}) missing from font(s) DejaVu Sans.\n"}
,{"stream_name":"stderr","time":19.95295842,"data":"  fig.tight_layout()\n"}
,{"stream_name":"stderr","time":19.95296396,"data":"/kaggle/tmp/vfa/scripts/make_report.py:213: UserWarning: Glyph 51109 (\\N{HANGUL SYLLABLE JANG}) missing from font(s) DejaVu Sans.\n"}
,{"stream_name":"stderr","time":19.95296814,"data":"  fig.tight_layout()\n"}
,{"stream_name":"stderr","time":19.95349398,"data":"/kaggle/tmp/vfa/scripts/make_report.py:213: UserWarning: Glyph 49373 (\\N{HANGUL SYLLABLE SAENG}) missing from font(s) DejaVu Sans.\n"}
,{"stream_name":"stderr","time":19.95353298,"data":"  fig.tight_layout()\n"}
,{"stream_name":"stderr","time":19.95353737,"data":"/kaggle/tmp/vfa/scripts/make_report.py:213: UserWarning: Glyph 49457 (\\N{HANGUL SYLLABLE SEONG}) missing from font(s) DejaVu Sans.\n"}
,{"stream_name":"stderr","time":19.95354153,"data":"  fig.tight_layout()\n"}
,{"stream_name":"stderr","time":19.95360898,"data":"/kaggle/tmp/vfa/scripts/make_report.py:213: UserWarning: Glyph 49884 (\\N{HANGUL SYLLABLE SI}) missing from font(s) DejaVu Sans.\n"}
,{"stream_name":"stderr","time":19.95362958,"data":"  fig.tight_layout()\n"}
,{"stream_name":"stderr","time":19.95367122,"data":"/kaggle/tmp/vfa/scripts/make_report.py:213: UserWarning: Glyph 44036 (\\N{HANGUL SYLLABLE GAN}) missing from font(s) DejaVu Sans.\n"}
,{"stream_name":"stderr","time":19.95367607,"data":"  fig.tight_layout()\n"}
,{"stream_name":"stderr","time":19.953893569999998,"data":"/kaggle/tmp/vfa/scripts/make_report.py:213: UserWarning: Glyph 52488 (\\N{HANGUL SYLLABLE CO}) missing from font(s) DejaVu Sans.\n"}
,{"stream_name":"stderr","time":19.9539028,"data":"  fig.tight_layout()\n"}
,{"stream_name":"stderr","time":19.969467661,"data":"/kaggle/tmp/vfa/scripts/make_report.py:213: UserWarning: Glyph 48288 (\\N{HANGUL SYLLABLE BE}) missing from font(s) DejaVu Sans.\n"}
,{"stream_name":"stderr","time":19.969509372,"data":"  fig.tight_layout()\n"}
,{"stream_name":"stderr","time":19.969513401,"data":"/kaggle/tmp/vfa/scripts/make_report.py:213: UserWarning: Glyph 51060 (\\N{HANGUL SYLLABLE I}) missing from font(s) DejaVu Sans.\n"}
,{"stream_name":"stderr","time":19.969516921,"data":"  fig.tight_layout()\n"}
,{"stream_name":"stderr","time":19.969607411,"data":"/kaggle/tmp/vfa/scripts/make_report.py:213: UserWarning: Glyph 49828 (\\N{HANGUL SYLLABLE SEU}) missing from font(s) DejaVu Sans.\n"}
,{"stream_name":"stderr","time":19.969613531,"data":"  fig.tight_layout()\n"}
,{"stream_name":"stderr","time":19.969655831,"data":"/kaggle/tmp/vfa/scripts/make_report.py:213: UserWarning: Glyph 46972 (\\N{HANGUL SYLLABLE RA}) missing from font(s) DejaVu Sans.\n"}
,{"stream_name":"stderr","time":19.969661522,"data":"  fig.tight_layout()\n"}
,{"stream_name":"stderr","time":19.969852041,"data":"/kaggle/tmp/vfa/scripts/make_report.py:213: UserWarning: Glyph 51064 (\\N{HANGUL SYLLABLE IN}) missing from font(s) DejaVu Sans.\n"}
,{"stream_name":"stderr","time":19.969858211000002,"data":"  fig.tight_layout()\n"}
,{"stream_name":"stderr","time":19.969933051,"data":"/kaggle/tmp/vfa/scripts/make_report.py:213: UserWarning: Glyph 45824 (\\N{HANGUL SYLLABLE DAE}) missing from font(s) DejaVu Sans.\n"}
,{"stream_name":"stderr","time":19.969963282,"data":"  fig.tight_layout()\n"}
,{"stream_name":"stderr","time":19.970721791,"data":"/kaggle/tmp/vfa/scripts/make_report.py:213: UserWarning: Glyph 48708 (\\N{HANGUL SYLLABLE BI}) missing from font(s) DejaVu Sans.\n"}
,{"stream_name":"stderr","time":19.970762871,"data":"  fig.tight_layout()\n"}
,{"stream_name":"stderr","time":19.976652192,"data":"/kaggle/tmp/vfa/scripts/make_report.py:213: UserWarning: Glyph 49549 (\\N{HANGUL SYLLABLE SOG}) missing from font(s) DejaVu Sans.\n"}
,{"stream_name":"stderr","time":19.976687592,"data":"  fig.tight_layout()\n"}
,{"stream_name":"stderr","time":19.976693492,"data":"/kaggle/tmp/vfa/scripts/make_report.py:213: UserWarning: Glyph 46020 (\\N{HANGUL SYLLABLE DO}) missing from font(s) DejaVu Sans.\n"}
,{"stream_name":"stderr","time":19.976697582,"data":"  fig.tight_layout()\n"}
,{"stream_name":"stderr","time":19.976863342,"data":"/kaggle/tmp/vfa/scripts/make_report.py:213: UserWarning: Glyph 54408 (\\N{HANGUL SYLLABLE PUM}) missing from font(s) DejaVu Sans.\n"}
,{"stream_name":"stderr","time":19.976873592,"data":"  fig.tight_layout()\n"}
,{"stream_name":"stderr","time":19.976975122,"data":"/kaggle/tmp/vfa/scripts/make_report.py:213: UserWarning: Glyph 51656 (\\N{HANGUL SYLLABLE JIL}) missing from font(s) DejaVu Sans.\n"}
,{"stream_name":"stderr","time":19.976984782,"data":"  fig.tight_layout()\n"}
,{"stream_name":"stderr","time":19.977124122,"data":"/kaggle/tmp/vfa/scripts/make_report.py:213: UserWarning: Glyph 53944 (\\N{HANGUL SYLLABLE TEU}) missing from font(s) DejaVu Sans.\n"}
,{"stream_name":"stderr","time":19.977159732,"data":"  fig.tight_layout()\n"}
,{"stream_name":"stderr","time":19.977258232,"data":"/kaggle/tmp/vfa/scripts/make_report.py:213: UserWarning: Glyph 47112 (\\N{HANGUL SYLLABLE RE}) missing from font(s) DejaVu Sans.\n"}
,{"stream_name":"stderr","time":19.977269612,"data":"  fig.tight_layout()\n"}
,{"stream_name":"stderr","time":19.977462832,"data":"/kaggle/tmp/vfa/scripts/make_report.py:213: UserWarning: Glyph 46300 (\\N{HANGUL SYLLABLE DEU}) missing from font(s) DejaVu Sans.\n"}
,{"stream_name":"stderr","time":19.977471942,"data":"  fig.tight_layout()\n"}
,{"stream_name":"stderr","time":19.977547522,"data":"/kaggle/tmp/vfa/scripts/make_report.py:213: UserWarning: Glyph 50724 (\\N{HANGUL SYLLABLE O}) missing from font(s) DejaVu Sans.\n"}
,{"stream_name":"stderr","time":19.977554982,"data":"  fig.tight_layout()\n"}
,{"stream_name":"stderr","time":19.977636262,"data":"/kaggle/tmp/vfa/scripts/make_report.py:213: UserWarning: Glyph 54532 (\\N{HANGUL SYLLABLE PEU}) missing from font(s) DejaVu Sans.\n"}
,{"stream_name":"stderr","time":19.977641282,"data":"  fig.tight_layout()\n"}
,{"stream_name":"stderr","time":19.977841642,"data":"/kaggle/tmp/vfa/scripts/make_report.py:213: UserWarning: Glyph 51216 (\\N{HANGUL SYLLABLE JEOM}) missing from font(s) DejaVu Sans.\n"}
,{"stream_name":"stderr","time":19.977848402,"data":"  fig.tight_layout()\n"}
,{"stream_name":"stderr","time":19.977927882,"data":"/kaggle/tmp/vfa/scripts/make_report.py:213: UserWarning: Glyph 50948 (\\N{HANGUL SYLLABLE WI}) missing from font(s) DejaVu Sans.\n"}
,{"stream_name":"stderr","time":19.977933033,"data":"  fig.tight_layout()\n"}
,{"stream_name":"stderr","time":19.978085543,"data":"/kaggle/tmp/vfa/scripts/make_report.py:213: UserWarning: Glyph 49707 (\\N{HANGUL SYLLABLE SUS}) missing from font(s) DejaVu Sans.\n"}
,{"stream_name":"stderr","time":19.978096912,"data":"  fig.tight_layout()\n"}
,{"stream_name":"stderr","time":19.978187813,"data":"/kaggle/tmp/vfa/scripts/make_report.py:213: UserWarning: Glyph 51088 (\\N{HANGUL SYLLABLE JA}) missing from font(s) DejaVu Sans.\n"}
,{"stream_name":"stderr","time":19.978208202,"data":"  fig.tight_layout()\n"}
,{"stream_name":"stderr","time":19.978378683,"data":"/kaggle/tmp/vfa/scripts/make_report.py:213: UserWarning: Glyph 52628 (\\N{HANGUL SYLLABLE CU}) missing from font(s) DejaVu Sans.\n"}
,{"stream_name":"stderr","time":19.978384512,"data":"  fig.tight_layout()\n"}
,{"stream_name":"stderr","time":19.978460622,"data":"/kaggle/tmp/vfa/scripts/make_report.py:213: UserWarning: Glyph 47200 (\\N{HANGUL SYLLABLE RON}) missing from font(s) DejaVu Sans.\n"}
,{"stream_name":"stderr","time":19.978467062,"data":"  fig.tight_layout()\n"}
,{"stream_name":"stderr","time":19.978672452,"data":"/kaggle/tmp/vfa/scripts/make_report.py:213: UserWarning: Glyph 53597 (\\N{HANGUL SYLLABLE TEB}) missing from font(s) DejaVu Sans.\n"}
,{"stream_name":"stderr","time":19.978678062,"data":"  fig.tight_layout()\n"}
,{"stream_name":"stderr","time":20.070363702,"data":"/kaggle/tmp/vfa/scripts/make_report.py:214: UserWarning: Glyph 54620 (\\N{HANGUL SYLLABLE HAN}) missing from font(s) DejaVu Sans.\n"}
,{"stream_name":"stderr","time":20.070403412,"data":"  fig.savefig(out, facecolor=SURFACE)\n"}
,{"stream_name":"stderr","time":20.070408442,"data":"/kaggle/tmp/vfa/scripts/make_report.py:214: UserWarning: Glyph 51109 (\\N{HANGUL SYLLABLE JANG}) missing from font(s) DejaVu Sans.\n"}
,{"stream_name":"stderr","time":20.070412342,"data":"  fig.savefig(out, facecolor=SURFACE)\n"}
,{"stream_name":"stderr","time":20.070469432,"data":"/kaggle/tmp/vfa/scripts/make_report.py:214: UserWarning: Glyph 49373 (\\N{HANGUL SYLLABLE SAENG}) missing from font(s) DejaVu Sans.\n"}
,{"stream_name":"stderr","time":20.070474922,"data":"  fig.savefig(out, facecolor=SURFACE)\n"}
,{"stream_name":"stderr","time":20.070591392,"data":"/kaggle/tmp/vfa/scripts/make_report.py:214: UserWarning: Glyph 49457 (\\N{HANGUL SYLLABLE SEONG}) missing from font(s) DejaVu Sans.\n"}
,{"stream_name":"stderr","time":20.070599132,"data":"  fig.savefig(out, facecolor=SURFACE)\n"}
,{"stream_name":"stderr","time":20.070786362,"data":"/kaggle/tmp/vfa/scripts/make_report.py:214: UserWarning: Glyph 49884 (\\N{HANGUL SYLLABLE SI}) missing from font(s) DejaVu Sans.\n"}
,{"stream_name":"stderr","time":20.070938152,"data":"  fig.savefig(out, facecolor=SURFACE)\n"}
,{"stream_name":"stderr","time":20.071080132,"data":"/kaggle/tmp/vfa/scripts/make_report.py:214: UserWarning: Glyph 44036 (\\N{HANGUL SYLLABLE GAN}) missing from font(s) DejaVu Sans.\n"}
,{"stream_name":"stderr","time":20.071124282,"data":"  fig.savefig(out, facecolor=SURFACE)\n"}
,{"stream_name":"stderr","time":20.071810332,"data":"/kaggle/tmp/vfa/scripts/make_report.py:214: UserWarning: Glyph 52488 (\\N{HANGUL SYLLABLE CO}) missing from font(s) DejaVu Sans.\n"}
,{"stream_name":"stderr","time":20.071825442,"data":"  fig.savefig(out, facecolor=SURFACE)\n"}
,{"stream_name":"stderr","time":20.082680893,"data":"/kaggle/tmp/vfa/scripts/make_report.py:214: UserWarning: Glyph 48288 (\\N{HANGUL SYLLABLE BE}) missing from font(s) DejaVu Sans.\n"}
,{"stream_name":"stderr","time":20.082721953,"data":"  fig.savefig(out, facecolor=SURFACE)\n"}
,{"stream_name":"stderr","time":20.082726243,"data":"/kaggle/tmp/vfa/scripts/make_report.py:214: UserWarning: Glyph 51060 (\\N{HANGUL SYLLABLE I}) missing from font(s) DejaVu Sans.\n"}
,{"stream_name":"stderr","time":20.082729943,"data":"  fig.savefig(out, facecolor=SURFACE)\n"}
,{"stream_name":"stderr","time":20.082896563,"data":"/kaggle/tmp/vfa/scripts/make_report.py:214: UserWarning: Glyph 49828 (\\N{HANGUL SYLLABLE SEU}) missing from font(s) DejaVu Sans.\n"}
,{"stream_name":"stderr","time":20.082907513,"data":"  fig.savefig(out, facecolor=SURFACE)\n"}
,{"stream_name":"stderr","time":20.082962773,"data":"/kaggle/tmp/vfa/scripts/make_report.py:214: UserWarning: Glyph 46972 (\\N{HANGUL SYLLABLE RA}) missing from font(s) DejaVu Sans.\n"}
,{"stream_name":"stderr","time":20.082969143,"data":"  fig.savefig(out, facecolor=SURFACE)\n"}
,{"stream_name":"stderr","time":20.083117903,"data":"/kaggle/tmp/vfa/scripts/make_report.py:214: UserWarning: Glyph 51064 (\\N{HANGUL SYLLABLE IN}) missing from font(s) DejaVu Sans.\n"}
,{"stream_name":"stderr","time":20.083129903,"data":"  fig.savefig(out, facecolor=SURFACE)\n"}
,{"stream_name":"stderr","time":20.083257253,"data":"/kaggle/tmp/vfa/scripts/make_report.py:214: UserWarning: Glyph 45824 (\\N{HANGUL SYLLABLE DAE}) missing from font(s) DejaVu Sans.\n"}
,{"stream_name":"stderr","time":20.083263163,"data":"  fig.savefig(out, facecolor=SURFACE)\n"}
,{"stream_name":"stderr","time":20.083368163,"data":"/kaggle/tmp/vfa/scripts/make_report.py:214: UserWarning: Glyph 48708 (\\N{HANGUL SYLLABLE BI}) missing from font(s) DejaVu Sans.\n"}
,{"stream_name":"stderr","time":20.083373373,"data":"  fig.savefig(out, facecolor=SURFACE)\n"}
,{"stream_name":"stderr","time":20.105858655,"data":"/kaggle/tmp/vfa/scripts/make_report.py:214: UserWarning: Glyph 49549 (\\N{HANGUL SYLLABLE SOG}) missing from font(s) DejaVu Sans.\n"}
,{"stream_name":"stderr","time":20.105897255,"data":"  fig.savefig(out, facecolor=SURFACE)\n"}
,{"stream_name":"stderr","time":20.105902145,"data":"/kaggle/tmp/vfa/scripts/make_report.py:214: UserWarning: Glyph 46020 (\\N{HANGUL SYLLABLE DO}) missing from font(s) DejaVu Sans.\n"}
,{"stream_name":"stderr","time":20.105906035,"data":"  fig.savefig(out, facecolor=SURFACE)\n"}
,{"stream_name":"stderr","time":20.105917695,"data":"/kaggle/tmp/vfa/scripts/make_report.py:214: UserWarning: Glyph 54408 (\\N{HANGUL SYLLABLE PUM}) missing from font(s) DejaVu Sans.\n"}
,{"stream_name":"stderr","time":20.105922285,"data":"  fig.savefig(out, facecolor=SURFACE)\n"}
,{"stream_name":"stderr","time":20.106256596,"data":"/kaggle/tmp/vfa/scripts/make_report.py:214: UserWarning: Glyph 51656 (\\N{HANGUL SYLLABLE JIL}) missing from font(s) DejaVu Sans.\n"}
,{"stream_name":"stderr","time":20.106298255,"data":"  fig.savefig(out, facecolor=SURFACE)\n"}
,{"stream_name":"stderr","time":20.106303125,"data":"/kaggle/tmp/vfa/scripts/make_report.py:214: UserWarning: Glyph 53944 (\\N{HANGUL SYLLABLE TEU}) missing from font(s) DejaVu Sans.\n"}
,{"stream_name":"stderr","time":20.106307175,"data":"  fig.savefig(out, facecolor=SURFACE)\n"}
,{"stream_name":"stderr","time":20.106347295,"data":"/kaggle/tmp/vfa/scripts/make_report.py:214: UserWarning: Glyph 47112 (\\N{HANGUL SYLLABLE RE}) missing from font(s) DejaVu Sans.\n"}
,{"stream_name":"stderr","time":20.106354445,"data":"  fig.savefig(out, facecolor=SURFACE)\n"}
,{"stream_name":"stderr","time":20.106627695,"data":"/kaggle/tmp/vfa/scripts/make_report.py:214: UserWarning: Glyph 46300 (\\N{HANGUL SYLLABLE DEU}) missing from font(s) DejaVu Sans.\n"}
,{"stream_name":"stderr","time":20.106637815,"data":"  fig.savefig(out, facecolor=SURFACE)\n"}
,{"stream_name":"stderr","time":20.106641855,"data":"/kaggle/tmp/vfa/scripts/make_report.py:214: UserWarning: Glyph 50724 (\\N{HANGUL SYLLABLE O}) missing from font(s) DejaVu Sans.\n"}
,{"stream_name":"stderr","time":20.106645605,"data":"  fig.savefig(out, facecolor=SURFACE)\n"}
,{"stream_name":"stderr","time":20.106762445,"data":"/kaggle/tmp/vfa/scripts/make_report.py:214: UserWarning: Glyph 54532 (\\N{HANGUL SYLLABLE PEU}) missing from font(s) DejaVu Sans.\n"}
,{"stream_name":"stderr","time":20.106768705,"data":"  fig.savefig(out, facecolor=SURFACE)\n"}
,{"stream_name":"stderr","time":20.106932335,"data":"/kaggle/tmp/vfa/scripts/make_report.py:214: UserWarning: Glyph 51216 (\\N{HANGUL SYLLABLE JEOM}) missing from font(s) DejaVu Sans.\n"}
,{"stream_name":"stderr","time":20.106958526,"data":"  fig.savefig(out, facecolor=SURFACE)\n"}
,{"stream_name":"stderr","time":20.107080496,"data":"/kaggle/tmp/vfa/scripts/make_report.py:214: UserWarning: Glyph 50948 (\\N{HANGUL SYLLABLE WI}) missing from font(s) DejaVu Sans.\n"}
,{"stream_name":"stderr","time":20.107095005,"data":"  fig.savefig(out, facecolor=SURFACE)\n"}
,{"stream_name":"stderr","time":20.107217426,"data":"/kaggle/tmp/vfa/scripts/make_report.py:214: UserWarning: Glyph 49707 (\\N{HANGUL SYLLABLE SUS}) missing from font(s) DejaVu Sans.\n"}
,{"stream_name":"stderr","time":20.107225466,"data":"  fig.savefig(out, facecolor=SURFACE)\n"}
,{"stream_name":"stderr","time":20.107352225,"data":"/kaggle/tmp/vfa/scripts/make_report.py:214: UserWarning: Glyph 51088 (\\N{HANGUL SYLLABLE JA}) missing from font(s) DejaVu Sans.\n"}
,{"stream_name":"stderr","time":20.107378856,"data":"  fig.savefig(out, facecolor=SURFACE)\n"}
,{"stream_name":"stderr","time":20.107480695,"data":"/kaggle/tmp/vfa/scripts/make_report.py:214: UserWarning: Glyph 52628 (\\N{HANGUL SYLLABLE CU}) missing from font(s) DejaVu Sans.\n"}
,{"stream_name":"stderr","time":20.107488275,"data":"  fig.savefig(out, facecolor=SURFACE)\n"}
,{"stream_name":"stderr","time":20.107592055,"data":"/kaggle/tmp/vfa/scripts/make_report.py:214: UserWarning: Glyph 47200 (\\N{HANGUL SYLLABLE RON}) missing from font(s) DejaVu Sans.\n"}
,{"stream_name":"stderr","time":20.107599525,"data":"  fig.savefig(out, facecolor=SURFACE)\n"}
,{"stream_name":"stderr","time":20.107809646,"data":"/kaggle/tmp/vfa/scripts/make_report.py:214: UserWarning: Glyph 53597 (\\N{HANGUL SYLLABLE TEB}) missing from font(s) DejaVu Sans.\n"}
,{"stream_name":"stderr","time":20.107817806,"data":"  fig.savefig(out, facecolor=SURFACE)\n"}
,{"stream_name":"stdout","time":20.161235231,"data":"산점도: /kaggle/working/report/speed_quality.png\n"}
,{"stream_name":"stdout","time":20.161539951,"data":"리포트: /kaggle/working/report/TEST_RESULTS.md\n"}
,{"stream_name":"stderr","time":22.530119862,"data":"/usr/local/lib/python3.12/dist-packages/mistune.py:435: SyntaxWarning: invalid escape sequence '\\|'\n"}
,{"stream_name":"stderr","time":22.530158372,"data":"  cells[i][c] = re.sub('\\\\\\\\\\|', '|', cell)\n"}
,{"stream_name":"stderr","time":22.839122563,"data":"/usr/local/lib/python3.12/dist-packages/nbconvert/filters/filter_links.py:36: SyntaxWarning: invalid escape sequence '\\_'\n"}
,{"stream_name":"stderr","time":22.839154623,"data":"  text = re.sub(r'_', '\\_', text) # Escape underscores in display text\n"}
,{"stream_name":"stderr","time":23.668205908,"data":"[NbConvertApp] Converting notebook __script__.ipynb to html\n"}
,{"stream_name":"stderr","time":25.001038603,"data":"[NbConvertApp] Writing 279850 bytes to __results__.html\n"}
]